// Jest Snapshot v1, https://goo.gl/fbAQLP

exports[`Chart renders properly 1`] = `
ShallowWrapper {
  "length": 1,
  Symbol(enzyme.__root__): [Circular],
  Symbol(enzyme.__unrendered__): <ChartWrapper
    available={100}
    sent={100}
/>,
  Symbol(enzyme.__renderer__): Object {
    "batchedUpdates": [Function],
    "getNode": [Function],
    "render": [Function],
    "simulateEvent": [Function],
    "unmount": [Function],
  },
  Symbol(enzyme.__node__): Object {
    "instance": null,
    "key": undefined,
    "nodeType": "class",
    "props": Object {
      "children": Array [
        <div>
          <styled.div>
                    £100.00
          </styled.div>
          <div>
                    total sent
          </div>
</div>,
        <ReactMinimalPieChart
          animate={false}
          animationDuration={500}
          animationEasing="ease-out"
          cx={50}
          cy={50}
          data={
                    Array [
                              Object {
                                "color": "hsl(240, 11%, 93%)",
                                "value": 100,
                              },
                              Object {
                                "color": "hsl(39, 100%, 58%)",
                                "value": 100,
                              },
                            ]
          }
          lengthAngle={-360}
          lineWidth={48}
          paddingAngle={0}
          radius={50}
          ratio={1}
          rounded={false}
          startAngle={-90}
          style={
                    Object {
                              "height": "64px",
                              "margin": "0 30px",
                              "width": "64px",
                            }
          }
/>,
        <div>
          <styled.div>
                    £100.00
          </styled.div>
          <div>
                    left available
          </div>
</div>,
      ],
    },
    "ref": null,
    "rendered": Array [
      Object {
        "instance": null,
        "key": undefined,
        "nodeType": "host",
        "props": Object {
          "children": Array [
            <styled.div>
              £100.00
</styled.div>,
            <div>
              total sent
</div>,
          ],
        },
        "ref": null,
        "rendered": Array [
          Object {
            "instance": null,
            "key": undefined,
            "nodeType": "class",
            "props": Object {
              "children": "£100.00",
            },
            "ref": null,
            "rendered": "£100.00",
            "type": [Function],
          },
          Object {
            "instance": null,
            "key": undefined,
            "nodeType": "host",
            "props": Object {
              "children": "total sent",
            },
            "ref": null,
            "rendered": "total sent",
            "type": "div",
          },
        ],
        "type": "div",
      },
      Object {
        "instance": null,
        "key": undefined,
        "nodeType": "class",
        "props": Object {
          "animate": false,
          "animationDuration": 500,
          "animationEasing": "ease-out",
          "cx": 50,
          "cy": 50,
          "data": Array [
            Object {
              "color": "hsl(240, 11%, 93%)",
              "value": 100,
            },
            Object {
              "color": "hsl(39, 100%, 58%)",
              "value": 100,
            },
          ],
          "lengthAngle": -360,
          "lineWidth": 48,
          "paddingAngle": 0,
          "radius": 50,
          "ratio": 1,
          "rounded": false,
          "startAngle": -90,
          "style": Object {
            "height": "64px",
            "margin": "0 30px",
            "width": "64px",
          },
        },
        "ref": null,
        "rendered": null,
        "type": [Function],
      },
      Object {
        "instance": null,
        "key": undefined,
        "nodeType": "host",
        "props": Object {
          "children": Array [
            <styled.div>
              £100.00
</styled.div>,
            <div>
              left available
</div>,
          ],
        },
        "ref": null,
        "rendered": Array [
          Object {
            "instance": null,
            "key": undefined,
            "nodeType": "class",
            "props": Object {
              "children": "£100.00",
            },
            "ref": null,
            "rendered": "£100.00",
            "type": [Function],
          },
          Object {
            "instance": null,
            "key": undefined,
            "nodeType": "host",
            "props": Object {
              "children": "left available",
            },
            "ref": null,
            "rendered": "left available",
            "type": "div",
          },
        ],
        "type": "div",
      },
    ],
    "type": [Function],
  },
  Symbol(enzyme.__nodes__): Array [
    Object {
      "instance": null,
      "key": undefined,
      "nodeType": "class",
      "props": Object {
        "children": Array [
          <div>
            <styled.div>
                        £100.00
            </styled.div>
            <div>
                        total sent
            </div>
</div>,
          <ReactMinimalPieChart
            animate={false}
            animationDuration={500}
            animationEasing="ease-out"
            cx={50}
            cy={50}
            data={
                        Array [
                                    Object {
                                      "color": "hsl(240, 11%, 93%)",
                                      "value": 100,
                                    },
                                    Object {
                                      "color": "hsl(39, 100%, 58%)",
                                      "value": 100,
                                    },
                                  ]
            }
            lengthAngle={-360}
            lineWidth={48}
            paddingAngle={0}
            radius={50}
            ratio={1}
            rounded={false}
            startAngle={-90}
            style={
                        Object {
                                    "height": "64px",
                                    "margin": "0 30px",
                                    "width": "64px",
                                  }
            }
/>,
          <div>
            <styled.div>
                        £100.00
            </styled.div>
            <div>
                        left available
            </div>
</div>,
        ],
      },
      "ref": null,
      "rendered": Array [
        Object {
          "instance": null,
          "key": undefined,
          "nodeType": "host",
          "props": Object {
            "children": Array [
              <styled.div>
                £100.00
</styled.div>,
              <div>
                total sent
</div>,
            ],
          },
          "ref": null,
          "rendered": Array [
            Object {
              "instance": null,
              "key": undefined,
              "nodeType": "class",
              "props": Object {
                "children": "£100.00",
              },
              "ref": null,
              "rendered": "£100.00",
              "type": [Function],
            },
            Object {
              "instance": null,
              "key": undefined,
              "nodeType": "host",
              "props": Object {
                "children": "total sent",
              },
              "ref": null,
              "rendered": "total sent",
              "type": "div",
            },
          ],
          "type": "div",
        },
        Object {
          "instance": null,
          "key": undefined,
          "nodeType": "class",
          "props": Object {
            "animate": false,
            "animationDuration": 500,
            "animationEasing": "ease-out",
            "cx": 50,
            "cy": 50,
            "data": Array [
              Object {
                "color": "hsl(240, 11%, 93%)",
                "value": 100,
              },
              Object {
                "color": "hsl(39, 100%, 58%)",
                "value": 100,
              },
            ],
            "lengthAngle": -360,
            "lineWidth": 48,
            "paddingAngle": 0,
            "radius": 50,
            "ratio": 1,
            "rounded": false,
            "startAngle": -90,
            "style": Object {
              "height": "64px",
              "margin": "0 30px",
              "width": "64px",
            },
          },
          "ref": null,
          "rendered": null,
          "type": [Function],
        },
        Object {
          "instance": null,
          "key": undefined,
          "nodeType": "host",
          "props": Object {
            "children": Array [
              <styled.div>
                £100.00
</styled.div>,
              <div>
                left available
</div>,
            ],
          },
          "ref": null,
          "rendered": Array [
            Object {
              "instance": null,
              "key": undefined,
              "nodeType": "class",
              "props": Object {
                "children": "£100.00",
              },
              "ref": null,
              "rendered": "£100.00",
              "type": [Function],
            },
            Object {
              "instance": null,
              "key": undefined,
              "nodeType": "host",
              "props": Object {
                "children": "left available",
              },
              "ref": null,
              "rendered": "left available",
              "type": "div",
            },
          ],
          "type": "div",
        },
      ],
      "type": [Function],
    },
  ],
  Symbol(enzyme.__options__): Object {
    "adapter": ReactSixteenAdapter {
      "options": Object {
        "enableComponentDidUpdateOnSetState": true,
      },
    },
    "disableLifecycleMethods": true,
  },
}
`;
